
[7m[1m[36m RUN [39m[22m[27m [36mv1.6.1[39m [90mC:/Users/Harry/Desktop/SIT/Y2T3/SGRail/SGRail/frontend[39m

 [32m✓[39m src/__tests__/mapTransform.property.test.ts [2m ([22m[2m1 test[22m[2m)[22m[90m 34[2mms[22m[39m
 [32m✓[39m src/data/stations.test.ts [2m ([22m[2m4 tests[22m[2m)[22m[90m 108[2mms[22m[39m
 [32m✓[39m src/__tests__/stations.property.test.ts [2m ([22m[2m6 tests[22m[2m)[22m[90m 153[2mms[22m[39m

[2m Test Files [22m [1m[32m3 passed[39m[22m[90m (3)[39m
[2m      Tests [22m [1m[32m11 passed[39m[22m[90m (11)[39m
[2m   Start at [22m 18:57:19
[2m   Duration [22m 6.57s[2m (transform 254ms, setup 1.24s, collect 2.29s, tests 295ms, environment 13.53s, prepare 891ms)[22m

